GnuCOBOL 3.0-rc1.0      FAKBANK.cob                                                   Tue Feb 11 22:12:30 2020  Page 0001

LINE    PG/LN  A...B............................................................SEQUENCE

000001        *========================== COB-FAKER ===========================*
000002        * Authors: Brian D Pead
000003        *
000004        * License: MIT
000005        *
000006        * Date        Version  Description
000007        * ----        -------  -----------
000008        * 2020-02-11  1.0.1    Add BANK numbers
000009        *================================================================*
000010
000011         IDENTIFICATION DIVISION.
000012        *========================
000013
000014         PROGRAM-ID.             FAKBANK.
000015
000016         ENVIRONMENT DIVISION.
000017        *=====================
000018
000019         CONFIGURATION SECTION.
000020        *----------------------
000021
000022         SOURCE-COMPUTER.
000023             IBM-Z15.
000024        *    IBM-Z15 DEBUGGING MODE.
000025
000026         INPUT-OUTPUT SECTION.
000027        *---------------------
000028
000029         FILE-CONTROL.
GnuCOBOL 3.0-rc1.0      FAKBANK.cob                                                   Tue Feb 11 22:12:30 2020  Page 0002

LINE    PG/LN  A...B............................................................SEQUENCE

000030        /
000031         DATA DIVISION.
000032        *==============
000033
000034         FILE SECTION.
000035        *-------------
000036
000037         WORKING-STORAGE SECTION.
000038        *------------------------
000039
000040         COPY FAKERWS1.
000001C       *========================== COB-FAKER ===========================*
000002C       * Authors: Brian D Pead
000003C       *
000004C       * License: MIT
000005C       *
000006C       * Date        Version  Description
000007C       * ----        -------  -----------
000008C       * 2020-02-08  1.0      First release
000009C       *================================================================*
000010C
000011C        01  W-FOUND-DX              PIC S9(4)  COMP.
000012C        01  W-RANDOM-NO             PIC S9(4)V9(9)
000013C                                               COMP.
000014C        01  W-RANDOM-SUB            PIC S9(4)  COMP.
000015C        01  W-SUB-1                 PIC S9(4)  COMP.
000016C        01  W-SUB-1-SAVE            PIC S9(4)  COMP.
000017C        01  W-SUB-2                 PIC S9(4)  COMP.
000018C        01  W-SUB-D                 PIC S9(4)  COMP.
000019C        01  W-DIGIT-CNT             PIC S9(4)  COMP.
000020C        01  W-RANDOM-DIG            PIC 9.
000021C        01  W-TABLE-1               PIC X(30).
000022C        01  W-TABLE-2               PIC X(30)       VALUE SPACES.
000023C        01  W-FAKER-RESULT          PIC X(80).
000024C        01  W-FAKER-FORMAT          PIC X(80).
000025C        01  W-FORMAT-START          PIC X           VALUE '{'.
000026C        01  W-FORMAT-END            PIC X           VALUE '}'.
000027C
000028C        01  FILLER                  PIC X(01)       VALUE 'Y'.
000029C            88  W-FIRST-CALL                        VALUE 'Y'.
000030C            88  W-NOT-FIRST-CALL                    VALUE 'N'.
000031C
000032C        01  W-COMPILED-DATE.
000033C            05  W-COMPILED-DATE-YYYY
000034C                                    PIC X(04).
000035C            05  W-COMPILED-DATE-MM  PIC X(02).
000036C            05  W-COMPILED-DATE-DD  PIC X(02).
000037C            05  W-COMPILED-TIME-HH  PIC X(02).
000038C            05  W-COMPILED-TIME-MM  PIC X(02).
000039C            05  W-COMPILED-TIME-SS  PIC X(02).
000040C            05  FILLER              PIC X(07).
000041C
GnuCOBOL 3.0-rc1.0      FAKBANK.cob                                                   Tue Feb 11 22:12:30 2020  Page 0003

LINE    PG/LN  A...B............................................................SEQUENCE

000042C        01  W-RECURSED-FORMAT.
000043C            05  W-RECURSED-FORMAT-CHAR
000044C                                    PIC X           OCCURS 80
000045C                                                    INDEXED W-RF-DX.
000046C        01  W-RECURSED-FORMAT-REST  PIC X(80).
000041
000042         01  W-HASH                  PIC X(01)       VALUE '#'.
000043         01  W-PERCENT               PIC X(01)       VALUE '%'.
000044         01  W-FAKRAND-PROG          PIC X(8)        VALUE 'FAKRAND'.
000045         01  W-PRODUCTS              PIC S9(09) COMP.
000046         01  W-QUOTIENT              PIC S9(09) COMP.
000047         01  W-REMAINDER             PIC S9(09) COMP.
000048         01  W-CHECK-DIGIT           PIC S9(09) COMP.
000049
000050         01  W-BANK-ROUTING          PIC X(09).
000051         01  FILLER REDEFINES W-BANK-ROUTING.
000052             05  W-BANK-ROUTING-DIG  PIC 9(01)       OCCURS 9.
000053
000054         01  W-FAKRAND-PARAMETER.    COPY FAKRANDL.
000001C       *========================== COB-FAKER ===========================*
000002C       * Authors: Brian D Pead
000003C       *
000004C       * License: MIT
000005C       *
000006C       * Date        Version  Description
000007C       * ----        -------  -----------
000008C       * 2020-02-08  1.0      First release
000009C       *================================================================*
000010C
000011C            05  FAKRAND-SEED-NO     PIC 9(09)  COMP VALUE 0.
000012C
000013C            05  FAKRAND-SEED-TEXT   PIC X(80)       VALUE SPACES.
000014C
000015C            05  FAKRAND-RANDOM-NO   PIC V9(09) COMP.
000055
000056         COPY FAKBANKW.
000001C       *========================== COB-FAKER ===========================*
000002C       * Authors: Brian D Pead
000003C       *
000004C       * License: MIT
000005C       *
000006C       * Date        Version  Description
000007C       * ----        -------  -----------
000008C       * 2020-02-11  1.0.1    Add TELETELEPHONE numbers
000009C       *================================================================*
000010C
000011C        01  BANK-ACCOUNT-FORMATS.
000012C            05  BANK-ACCOUNT-FORMAT-CNT
000013C                                    PIC S9(4)  COMP VALUE 7.
000014C            05  BANK-ACCOUNT-FORMAT-OCCS.
000015C                10  FILLER          PIC X(12)       VALUE '######'.
000016C                10  FILLER          PIC X(12)       VALUE '#######'.
GnuCOBOL 3.0-rc1.0      FAKBANK.cob                                                   Tue Feb 11 22:12:30 2020  Page 0004

LINE    PG/LN  A...B............................................................SEQUENCE

000017C                10  FILLER          PIC X(12)       VALUE '########'.
000018C                10  FILLER          PIC X(12)       VALUE '#########'.
000019C                10  FILLER          PIC X(12)       VALUE '##########'.
000020C                10  FILLER          PIC X(12)       VALUE '###########'.
000021C                10  FILLER          PIC X(12)       VALUE '############'.
000022C            05  FILLER REDEFINES BANK-ACCOUNT-FORMAT-OCCS.
000023C                10  FILLER                          OCCURS 7
000024C                                                    INDEXED BR-DX.
000025C                    15  BANK-ACCOUNT-FORMAT
000026C                                    PIC X(12).
000027C
000028C        01  BANK-ROUTING-FORMATS.
000029C            05  BANK-ROUTING-FORMAT-CNT
000030C                                    PIC S9(4)  COMP VALUE 1.
000031C            05  BANK-ROUTING-FORMAT-OCCS.
000032C       ****     Standard 8-digit routing number plus check digit:
000033C                10  FILLER          PIC X(10)       VALUE '########C'.
000034C            05  FILLER REDEFINES BANK-ROUTING-FORMAT-OCCS.
000035C                10  FILLER                          OCCURS 1
000036C                                                    INDEXED BR-DX.
000037C                    15  BANK-ROUTING-FORMAT
000038C                                    PIC X(10).
GnuCOBOL 3.0-rc1.0      FAKBANK.cob                                                   Tue Feb 11 22:12:30 2020  Page 0005

LINE    PG/LN  A...B............................................................SEQUENCE

000057        /
000058         LINKAGE SECTION.
000059        *----------------
000060
000061         01  L-PARAMETER.            COPY FAKERLNK.
000001C       *========================== COB-FAKER ===========================*
000002C       * Authors: Brian D Pead
000003C       *
000004C       * License: MIT
000005C       *
000006C       * Date        Version  Description
000007C       * ----        -------  -----------
000008C       * 2020-02-08  1.0      First release
000009C       * 2020-02-11  1.0.1    Add BANK and TELETELEPHONE numbers
000010C       *================================================================*
000011C
000012C       **** Input fields:
000013C       ****     FAKER-PROVIDER-FUNCTION:
000014C       ****         Set appropriate 88 level for  desired function.
000015C       ****     FAKER-SEED-NO:
000016C       ****         If > 0, used to set seed to get same random
000017C       ****         sequence on each call.
000018C       ****     FAKER-SEED-TEXT:
000019C       ****         If FAKER-SEED-NO = 0 and this is not spaces, used to
000020C       ****         set seed to get same random sequence on each call
000021C       ****         (e.g. to get same fake name each time real name is
000022C       ****         being anonymized, move real name to FAKER-SEED-TEXT
000023C       ****         before call).
000024C
000025C            05  FAKER-PROVIDER-FUNCTION
000026C                                    PIC X(30).
000027C                88  ADDRESS-ADDRESS                 VALUE
000028C                                    'ADDRESS-ADDRESS'.
000029C                88  ADDRESS-BUILDING-NO             VALUE
000030C                                    'ADDRESS-BUILDING-NO'.
000031C                88  ADDRESS-CITY                    VALUE
000032C                                    'ADDRESS-CITY'.
000033C                88  ADDRESS-CITY-PREFIX             VALUE
000034C                                    'ADDRESS-CITY-PREFIX'.
000035C                88  ADDRESS-CITY-SUFFIX             VALUE
000036C                                    'ADDRESS-CITY-SUFFIX'.
000037C                88  ADDRESS-MILITARY-APO            VALUE
000038C                                    'ADDRESS-MILITARY-APO'.
000039C                88  ADDRESS-MILITARY-DPO            VALUE
000040C                                    'ADDRESS-MILITARY-DPO'.
000041C                88  ADDRESS-MILITARY-SHIP-PREFIX    VALUE
000042C                                    'ADDRESS-MILITARY-SHIP-PREFIX'.
000043C                88  ADDRESS-MILITARY-STATE-ABBR     VALUE
000044C                                    'ADDRESS-MILITARY-STATE-ABBR'.
000045C                88  ADDRESS-POSTCODE                VALUE
000046C                                    'ADDRESS-POSTCODE'.
000047C                88  ADDRESS-SECONDARY-ADDRESS       VALUE
GnuCOBOL 3.0-rc1.0      FAKBANK.cob                                                   Tue Feb 11 22:12:30 2020  Page 0006

LINE    PG/LN  A...B............................................................SEQUENCE

000048C                                    'ADDRESS-SECONDARY-ADDRESS'.
000049C                88  ADDRESS-STATE                   VALUE
000050C                                    'ADDRESS-STATE'.
000051C                88  ADDRESS-STATE-ABBR              VALUE
000052C                                    'ADDRESS-STATE-ABBR'.
000053C                88  ADDRESS-STATE-POSTCODE          VALUE
000054C                                    'ADDRESS-STATE-POSTCODE'.
000055C                88  ADDRESS-STREET-ADDRESS          VALUE
000056C                                    'ADDRESS-STREET-ADDRESS'.
000057C                88  ADDRESS-STREET-NAME             VALUE
000058C                                    'ADDRESS-STREET-NAME'.
000059C                88  ADDRESS-STREET-SUFFIX           VALUE
000060C                                    'ADDRESS-STREET-SUFFIX'.
000061C                88  ADDRESS-TERRITORY-ABBR          VALUE
000062C                                    'ADDRESS-TERRITORY-ABBR'.
000063C                88  BANK-ACCOUNT                    VALUE
000064C                                    'BANK-ACCOUNT'.
000065C                88  BANK-ROUTING                    VALUE
000066C                                    'BANK-ROUTING'.
000067C                88  COMPANY-COMPANY                 VALUE
000068C                                    'COMPANY-COMPANY'.
000069C                88  COMPANY-SUFFIX                  VALUE
000070C                                    'COMPANY-SUFFIX'.
000071C                88  PERSON-FIRST-NAME               VALUE
000072C                                    'PERSON-FIRST-NAME'.
000073C                88  PERSON-FIRST-NAME-MALE          VALUE
000074C                                    'PERSON-FIRST-NAME-MALE'.
000075C                88  PERSON-FIRST-NAME-FEMALE        VALUE
000076C                                    'PERSON-FIRST-NAME-FEMALE'.
000077C                88  PERSON-LAST-NAME                VALUE
000078C                                    'PERSON-LAST-NAME'.
000079C                88  PERSON-LAST-NAME-MALE           VALUE
000080C                                    'PERSON-LAST-NAME-MALE'.
000081C                88  PERSON-LAST-NAME-FEMALE         VALUE
000082C                                    'PERSON-LAST-NAME-FEMALE'.
000083C                88  PERSON-NAME                     VALUE
000084C                                    'PERSON-NAME'.
000085C                88  PERSON-NAME-MALE                VALUE
000086C                                    'PERSON-NAME-MALE'.
000087C                88  PERSON-NAME-FEMALE              VALUE
000088C                                    'PERSON-NAME-FEMALE'.
000089C                88  PERSON-PREFIX                   VALUE
000090C                                    'PERSON-PREFIX'.
000091C                88  PERSON-PREFIX-MALE              VALUE
000092C                                    'PERSON-PREFIX-MALE'.
000093C                88  PERSON-PREFIX-FEMALE            VALUE
000094C                                    'PERSON-PREFIX-FEMALE'.
000095C                88  PERSON-SUFFIX                   VALUE
000096C                                    'PERSON-SUFFIX'.
000097C                88  PERSON-SUFFIX-MALE              VALUE
000098C                                    'PERSON-SUFFIX-MALE'.
000099C                88  PERSON-SUFFIX-FEMALE            VALUE
GnuCOBOL 3.0-rc1.0      FAKBANK.cob                                                   Tue Feb 11 22:12:30 2020  Page 0007

LINE    PG/LN  A...B............................................................SEQUENCE

000100C                                    'PERSON-SUFFIX-FEMALE'.
000101C                88  TAXID-EIN                       VALUE
000102C                                    'TAXID-EIN'.
000103C                88  TAXID-EIN-HYPHEN                VALUE
000104C                                    'TAXID-EIN-HYPHEN'.
000105C                88  TAXID-ITIN                      VALUE
000106C                                    'TAXID-ITIN'.
000107C                88  TAXID-ITIN-HYPHEN               VALUE
000108C                                    'TAXID-ITIN-HYPHEN'.
000109C                88  TAXID-SSN                       VALUE
000110C                                    'TAXID-SSN'.
000111C                88  TAXID-SSN-HYPHEN                VALUE
000112C                                    'TAXID-SSN-HYPHEN'.
000113C                88  TELEPHONE                       VALUE
000114C                                    'TELEPHONE'.
000115C
000116C            05  FAKER-SEED-NO       PIC 9(9)   COMP VALUE 0.
000117C
000118C            05  FAKER-SEED-TEXT     PIC X(80)       VALUE SPACES.
000119C
000120C       **** Output fields:
000121C       ****     FAKER-RESPONSE-CODE
000122C       ****         Use 88 levels to determine result of calls.
000123C       ****     FAKER-RESPONSE-MSG
000124C       ****         Non-space if bad response.
000125C       ****     FAKER-RESULT
000126C       ****         Returned result of the call.
000127C       ****     FAKER-RESULT-FIELDS
000128C       ****         Populated for certain compound results - redefined
000129C       ****         for address and person fields.
000130C       ****     FAKER-INFO-CNT
000131C       ****         Debugging information count.
000132C       ****     FAKER-INFO-OCCS
000133C       ****         Debugging information.
000134C
000135C            05  FAKER-RESPONSE-CODE PIC 9(4).
000136C                88  FAKER-RESPONSE-GOOD             VALUE 0.
000137C                88  FAKER-UNKNOWN-PROVIDER          VALUE 10.
000138C                88  FAKER-UNKNOWN-FUNCTION          VALUE 20.
000139C                88  FAKER-UNKNOWN-FORMAT            VALUE 30.
000140C
000141C            05  FAKER-RESPONSE-MSG  PIC X(80).
000142C
000143C            05  FAKER-RESULT        PIC X(80).
000144C
000145C            05  FAKER-RESULT-FIELDS PIC X(80).
000146C
000147C       **** These fields are populated only for ADDRESS-ADDRESS calls:
000148C            05  FAKER-ADDRESS REDEFINES FAKER-RESULT-FIELDS.
000149C                10  FAKER-ADDRESS-STREET
000150C                                    PIC X(35).
000151C                10  FAKER-ADDRESS-CITY
GnuCOBOL 3.0-rc1.0      FAKBANK.cob                                                   Tue Feb 11 22:12:30 2020  Page 0008

LINE    PG/LN  A...B............................................................SEQUENCE

000152C                                    PIC X(25).
000153C                10  FAKER-ADDRESS-STATE
000154C                                    PIC X(10).
000155C                10  FAKER-ADDRESS-POSTCODE
000156C                                    PIC X(10).
000157C
000158C       **** These fields are populated only for PERSON-NAME,
000159C       **** PERSON-NAME-MALE and PERSON-NAME-FEMALE calls:
000160C            05  FAKER-PERSON REDEFINES FAKER-RESULT-FIELDS.
000161C                10  FAKER-PERSON-PREFIX
000162C                                    PIC X(10).
000163C                10  FAKER-PERSON-FIRST-NAME
000164C                                    PIC X(25).
000165C                10  FAKER-PERSON-LAST-NAME
000166C                                    PIC X(35).
000167C                10  FAKER-PERSON-SUFFIX
000168C                                    PIC X(10).
000169C
000170C       **** These fields are populated only for TELEPHONE calls:
000171C            05  FAKER-TELEPHONE REDEFINES FAKER-RESULT-FIELDS.
000172C                10  FAKER-TELEPHONE-AREA-CODE
000173C                                    PIC X(03).
000174C                10  FILLER          PIC X(01).
000175C                10  FAKER-TELEPHONE-PREFIX
000176C                                    PIC X(03).
000177C                10  FILLER          PIC X(01).
000178C                10  FAKER-TELEPHONE-SUFFIX
000179C                                    PIC X(04).
000180C                10  FILLER          PIC X(01).
000181C                10  FAKER-TELEPHONE-EXTENSION
000182C                                    PIC X(04).
000183C
000184C            05  FAKER-INFO-CNT      PIC S9(4)  COMP.
000185C
000186C            05  FAKER-INFO-OCCS.
000187C                10  FAKER-INFO                      OCCURS 20
000188C                                                    INDEXED FI-DX
000189C                                                            FI-DX2.
000190C                    15  FAKER-TABLE PIC X(30).
000191C                    15  FAKER-RANDOM-NO-SUB
000192C                                    PIC S9(4)V9(9)
000193C                                               COMP.
000194C                    15  FAKER-TABLE-ENTRY
000195C                                    PIC S9(4)  COMP.
000196C
GnuCOBOL 3.0-rc1.0      FAKBANK.cob                                                   Tue Feb 11 22:12:30 2020  Page 0009

LINE    PG/LN  A...B............................................................SEQUENCE

000062        /
000063         PROCEDURE DIVISION USING L-PARAMETER.
000064        *==================
000065
000066         MAIN.
000067        *-----
000068
000069             PERFORM SUB-1000-START-UP THRU SUB-1000-EXIT
000070
000071             PERFORM SUB-2000-PROCESS THRU SUB-2000-EXIT
000072
000073             PERFORM SUB-3000-SHUT-DOWN THRU SUB-3000-EXIT
000074             .
000075         MAIN-EXIT.
000076             GOBACK.
GnuCOBOL 3.0-rc1.0      FAKBANK.cob                                                   Tue Feb 11 22:12:30 2020  Page 0010

LINE    PG/LN  A...B............................................................SEQUENCE

000077        /
000078         SUB-1000-START-UP.
000079        *------------------
000080
000081             IF      W-NOT-FIRST-CALL
000082                 GO TO SUB-1000-EXIT
000083             END-IF
000084
000085             SET W-NOT-FIRST-CALL    TO TRUE
000086             MOVE FUNCTION WHEN-COMPILED
000087                                     TO W-COMPILED-DATE
000088
000089             DISPLAY 'FAKBANK  compiled on '
000090                 W-COMPILED-DATE-YYYY '/'
000091                 W-COMPILED-DATE-MM   '/'
000092                 W-COMPILED-DATE-DD   ' at '
000093                 W-COMPILED-TIME-HH   ':'
000094                 W-COMPILED-TIME-MM   ':'
000095                 W-COMPILED-TIME-SS
000096             .
000097         SUB-1000-EXIT.
000098             EXIT.
GnuCOBOL 3.0-rc1.0      FAKBANK.cob                                                   Tue Feb 11 22:12:30 2020  Page 0011

LINE    PG/LN  A...B............................................................SEQUENCE

000099        /
000100         SUB-2000-PROCESS.
000101        *-----------------
000102
000103             MOVE 0                  TO FAKER-INFO-CNT
000104             SET  FI-DX              TO FAKER-INFO-CNT
000105             MOVE LOW-VALUES         TO FAKER-INFO-OCCS
000106
000107             EVALUATE TRUE
000108               WHEN BANK-ACCOUNT
000109                 PERFORM SUB-9010-ACCOUNT THRU SUB-9010-EXIT
000110
000111               WHEN BANK-ROUTING
000112                 PERFORM SUB-9020-ROUTING THRU SUB-9020-EXIT
000113
000114               WHEN OTHER
000115                 SET  FAKER-UNKNOWN-FUNCTION
000116                                     IN L-PARAMETER
000117                                     TO TRUE
000118                 STRING 'Unknown FAKBANK function "'
000119                         FAKER-PROVIDER-FUNCTION
000120                                     IN L-PARAMETER
000121                         '"'  DELIMITED SIZE
000122                                   INTO FAKER-RESPONSE-MSG
000123                                     IN L-PARAMETER
000124                 GO TO SUB-2000-EXIT
000125             END-EVALUATE
000126
000127             SET  FAKER-INFO-CNT     TO FI-DX
000128
000129             MOVE W-FAKER-RESULT     TO FAKER-RESULT
000130             .
000131         SUB-2000-EXIT.
000132             EXIT.
GnuCOBOL 3.0-rc1.0      FAKBANK.cob                                                   Tue Feb 11 22:12:30 2020  Page 0012

LINE    PG/LN  A...B............................................................SEQUENCE

000133        /
000134         SUB-3000-SHUT-DOWN.
warning: ignoring redundant .
000135        *-------------------
000136
000137        D    IF      FAKER-RESPONSE-GOOD
000138        D        DISPLAY 'FAKBANK completed successfully'
000139        D    ELSE
000140        D        DISPLAY 'FAKBANK ended with error '
000141        D                FAKER-RESPONSE-CODE
000142        D                ': '
000143        D                FAKER-RESPONSE-MSG
000144        D    END-IF
000145             .
000146         SUB-3000-EXIT.
000147             EXIT.
GnuCOBOL 3.0-rc1.0      FAKBANK.cob                                                   Tue Feb 11 22:12:30 2020  Page 0013

LINE    PG/LN  A...B............................................................SEQUENCE

000148        /
000149         SUB-9010-ACCOUNT.
000150        *-----------------
000151
000152             PERFORM SUB-9901-CALL-FAKRAND THRU SUB-9901-EXIT
000153
000154             COMPUTE W-RANDOM-SUB    =  FAKRAND-RANDOM-NO
000155                                        * BANK-ACCOUNT-FORMAT-CNT
000156                                        + 1
000157
000158             SET  FI-DX           UP BY 1
000159             MOVE 'BANK-ACCOUNT'     TO FAKER-TABLE(FI-DX)
000160             MOVE FAKRAND-RANDOM-NO  TO FAKER-RANDOM-NO-SUB(FI-DX)
000161             MOVE W-RANDOM-SUB       TO FAKER-TABLE-ENTRY(FI-DX)
000162
000163             MOVE BANK-ACCOUNT-FORMAT(W-RANDOM-SUB)
000164                                     TO W-FAKER-RESULT
000165
000166             PERFORM SUB-9810-REPLACE-DIGIT THRU SUB-9810-EXIT
000167                 VARYING W-SUB-D FROM 1 BY 1
000168                   UNTIL W-SUB-D > LENGTH OF BANK-ACCOUNT-FORMAT
000169             .
000170         SUB-9010-EXIT.
000171             EXIT.
GnuCOBOL 3.0-rc1.0      FAKBANK.cob                                                   Tue Feb 11 22:12:30 2020  Page 0014

LINE    PG/LN  A...B............................................................SEQUENCE

000172        /
000173         SUB-9020-ROUTING.
000174        *-----------------
000175
000176             PERFORM SUB-9901-CALL-FAKRAND THRU SUB-9901-EXIT
000177
000178             COMPUTE W-RANDOM-SUB    =  FAKRAND-RANDOM-NO
000179                                        * BANK-ROUTING-FORMAT-CNT
000180                                        + 1
000181
000182             SET  FI-DX           UP BY 1
000183             MOVE 'BANK-ROUTING'     TO FAKER-TABLE(FI-DX)
000184             MOVE FAKRAND-RANDOM-NO  TO FAKER-RANDOM-NO-SUB(FI-DX)
000185             MOVE W-RANDOM-SUB       TO FAKER-TABLE-ENTRY(FI-DX)
000186
000187             MOVE BANK-ROUTING-FORMAT(W-RANDOM-SUB)
000188                                     TO W-FAKER-RESULT
000189
000190             PERFORM SUB-9810-REPLACE-DIGIT THRU SUB-9810-EXIT
000191                 VARYING W-SUB-D FROM 1 BY 1
000192                   UNTIL W-SUB-D > LENGTH OF BANK-ACCOUNT-FORMAT
000193
000194             MOVE W-FAKER-RESULT     TO W-BANK-ROUTING
000195
000196             COMPUTE W-PRODUCTS      =  ( W-BANK-ROUTING-DIG(1)
000197                                        + W-BANK-ROUTING-DIG(4)
000198                                        + W-BANK-ROUTING-DIG(7)) * 3
000199                                        +
000200                                        ( W-BANK-ROUTING-DIG(2)
000201                                        + W-BANK-ROUTING-DIG(5)
000202                                        + W-BANK-ROUTING-DIG(8)) * 7
000203                                        +
000204                                          W-BANK-ROUTING-DIG(3)
000205                                        + W-BANK-ROUTING-DIG(6)
000206
000207             DIVIDE W-PRODUCTS       BY 10
000208                                 GIVING W-QUOTIENT
000209                              REMAINDER W-REMAINDER
000210
000211             IF      W-REMAINDER = 0
000212                 MOVE 0              TO W-CHECK-DIGIT
000213             ELSE
000214                 SUBTRACT W-REMAINDER
000215                                   FROM 10
000216                                 GIVING W-CHECK-DIGIT
000217             END-IF
000218
000219             MOVE W-CHECK-DIGIT      TO W-BANK-ROUTING-DIG(9)
000220             MOVE W-BANK-ROUTING     TO W-FAKER-RESULT
000221             .
000222         SUB-9020-EXIT.
000223             EXIT.
GnuCOBOL 3.0-rc1.0      FAKBANK.cob                                                   Tue Feb 11 22:12:30 2020  Page 0015

LINE    PG/LN  A...B............................................................SEQUENCE

000224        /
000225         SUB-9810-REPLACE-DIGIT.
000226        *-----------------------
000227
000228             IF      W-FAKER-RESULT(W-SUB-D : 1) NOT = W-HASH
000229             AND                                       W-PERCENT
000230                 GO TO SUB-9810-EXIT
000231             END-IF
000232
000233             PERFORM SUB-9901-CALL-FAKRAND THRU SUB-9901-EXIT
000234
000235             IF      W-FAKER-RESULT(W-SUB-D : 1) = W-PERCENT
000236                 COMPUTE W-RANDOM-DIG
000237                                     =  FAKRAND-RANDOM-NO
000238                                        * 9
000239                                        + 1
000240             ELSE
000241                 COMPUTE W-RANDOM-DIG
000242                                     =  FAKRAND-RANDOM-NO
000243                                        * 10
000244             END-IF
000245
000246             MOVE W-RANDOM-DIG       TO W-FAKER-RESULT(W-SUB-D : 1)
000247             .
000248         SUB-9810-EXIT.
000249             EXIT.
GnuCOBOL 3.0-rc1.0      FAKBANK.cob                                                   Tue Feb 11 22:12:30 2020  Page 0016

LINE    PG/LN  A...B............................................................SEQUENCE

000250        /
000251         SUB-9901-CALL-FAKRAND.
000252        *----------------------
000253
000254             CALL W-FAKRAND-PROG  USING W-FAKRAND-PARAMETER
000255             .
000256         SUB-9901-EXIT.
000257             EXIT.
GnuCOBOL 3.0-rc1.0      FAKBANK.cob                                                   Tue Feb 11 22:12:30 2020  Page 0017

SIZE  TYPE           LVL  NAME                           PICTURE

      WORKING-STORAGE SECTION

00002 NUMERIC        01   W-FOUND-DX                     S9(4) COMP

00008 NUMERIC        01   W-RANDOM-NO                    S9(4)V9(9) COMP

00002 NUMERIC        01   W-RANDOM-SUB                   S9(4) COMP

00002 NUMERIC        01   W-SUB-1                        S9(4) COMP

00002 NUMERIC        01   W-SUB-1-SAVE                   S9(4) COMP

00002 NUMERIC        01   W-SUB-2                        S9(4) COMP

00002 NUMERIC        01   W-SUB-D                        S9(4) COMP

00002 NUMERIC        01   W-DIGIT-CNT                    S9(4) COMP

00001 NUMERIC        01   W-RANDOM-DIG                   9

00030 ALPHANUMERIC   01   W-TABLE-1                      X(30)

00030 ALPHANUMERIC   01   W-TABLE-2                      X(30)

00080 ALPHANUMERIC   01   W-FAKER-RESULT                 X(80)

00080 ALPHANUMERIC   01   W-FAKER-FORMAT                 X(80)

00001 ALPHANUMERIC   01   W-FORMAT-START                 X

00001 ALPHANUMERIC   01   W-FORMAT-END                   X

00001 ALPHANUMERIC   01   FILLER                         X(01)
      CONDITIONAL    88   W-FIRST-CALL
      CONDITIONAL    88   W-NOT-FIRST-CALL

00021 GROUP          01   W-COMPILED-DATE
00004 ALPHANUMERIC   05   W-COMPILED-DATE-YYYY           X(04)
00002 ALPHANUMERIC   05   W-COMPILED-DATE-MM             X(02)
00002 ALPHANUMERIC   05   W-COMPILED-DATE-DD             X(02)
00002 ALPHANUMERIC   05   W-COMPILED-TIME-HH             X(02)
00002 ALPHANUMERIC   05   W-COMPILED-TIME-MM             X(02)
00002 ALPHANUMERIC   05   W-COMPILED-TIME-SS             X(02)
00007 ALPHANUMERIC   05   FILLER                         X(07)

00080 GROUP          01   W-RECURSED-FORMAT
00001 ALPHANUMERIC   05   W-RECURSED-FORMAT-CHAR         X, OCCURS 80

00080 ALPHANUMERIC   01   W-RECURSED-FORMAT-REST         X(80)

00001 ALPHANUMERIC   01   W-HASH                         X(01)
GnuCOBOL 3.0-rc1.0      FAKBANK.cob                                                   Tue Feb 11 22:12:30 2020  Page 0018

SIZE  TYPE           LVL  NAME                           PICTURE

00001 ALPHANUMERIC   01   W-PERCENT                      X(01)

00008 ALPHANUMERIC   01   W-FAKRAND-PROG                 X(8)

00004 NUMERIC        01   W-PRODUCTS                     S9(09) COMP

00004 NUMERIC        01   W-QUOTIENT                     S9(09) COMP

00004 NUMERIC        01   W-REMAINDER                    S9(09) COMP

00004 NUMERIC        01   W-CHECK-DIGIT                  S9(09) COMP

00009 ALPHANUMERIC   01   W-BANK-ROUTING                 X(09)

00009 GROUP          01   FILLER, REDEFINES W-BANK-ROUTING
00001 NUMERIC        05   W-BANK-ROUTING-DIG             9(01), OCCURS 9

00088 GROUP          01   W-FAKRAND-PARAMETER
00004 NUMERIC        05   FAKRAND-SEED-NO                9(09) COMP
00080 ALPHANUMERIC   05   FAKRAND-SEED-TEXT              X(80)
00004 NUMERIC        05   FAKRAND-RANDOM-NO              V9(09) COMP

00086 GROUP          01   BANK-ACCOUNT-FORMATS
00002 NUMERIC        05   BANK-ACCOUNT-FORMAT-CNT        S9(4) COMP
00084 GROUP          05   BANK-ACCOUNT-FORMAT-OCCS
00012 ALPHANUMERIC   10   FILLER                         X(12)
00012 ALPHANUMERIC   10   FILLER                         X(12)
00012 ALPHANUMERIC   10   FILLER                         X(12)
00012 ALPHANUMERIC   10   FILLER                         X(12)
00012 ALPHANUMERIC   10   FILLER                         X(12)
00012 ALPHANUMERIC   10   FILLER                         X(12)
00012 ALPHANUMERIC   10   FILLER                         X(12)
00084 GROUP          05   FILLER, REDEFINES BANK-ACCOUNT-FORMAT-OCCS
00084 GROUP          10   FILLER                         OCCURS 7
00012 ALPHANUMERIC   15   BANK-ACCOUNT-FORMAT            X(12)

00012 GROUP          01   BANK-ROUTING-FORMATS
00002 NUMERIC        05   BANK-ROUTING-FORMAT-CNT        S9(4) COMP
00010 GROUP          05   BANK-ROUTING-FORMAT-OCCS
00010 ALPHANUMERIC   10   FILLER                         X(10)
00010 GROUP          05   FILLER, REDEFINES BANK-ROUTING-FORMAT-OCCS
00010 GROUP          10   FILLER                         OCCURS 1
00010 ALPHANUMERIC   15   BANK-ROUTING-FORMAT            X(10)

      LINKAGE SECTION

01160 GROUP          01   L-PARAMETER
00030 ALPHANUMERIC   05   FAKER-PROVIDER-FUNCTION        X(30)
      CONDITIONAL    88   ADDRESS-ADDRESS
      CONDITIONAL    88   ADDRESS-BUILDING-NO
      CONDITIONAL    88   ADDRESS-CITY
      CONDITIONAL    88   ADDRESS-CITY-PREFIX
GnuCOBOL 3.0-rc1.0      FAKBANK.cob                                                   Tue Feb 11 22:12:30 2020  Page 0019

SIZE  TYPE           LVL  NAME                           PICTURE

      CONDITIONAL    88   ADDRESS-CITY-SUFFIX
      CONDITIONAL    88   ADDRESS-MILITARY-APO
      CONDITIONAL    88   ADDRESS-MILITARY-DPO
      CONDITIONAL    88   ADDRESS-MILITARY-SHIP-PREFIX
      CONDITIONAL    88   ADDRESS-MILITARY-STATE-ABBR
      CONDITIONAL    88   ADDRESS-POSTCODE
      CONDITIONAL    88   ADDRESS-SECONDARY-ADDRESS
      CONDITIONAL    88   ADDRESS-STATE
      CONDITIONAL    88   ADDRESS-STATE-ABBR
      CONDITIONAL    88   ADDRESS-STATE-POSTCODE
      CONDITIONAL    88   ADDRESS-STREET-ADDRESS
      CONDITIONAL    88   ADDRESS-STREET-NAME
      CONDITIONAL    88   ADDRESS-STREET-SUFFIX
      CONDITIONAL    88   ADDRESS-TERRITORY-ABBR
      CONDITIONAL    88   BANK-ACCOUNT
      CONDITIONAL    88   BANK-ROUTING
      CONDITIONAL    88   COMPANY-COMPANY
      CONDITIONAL    88   COMPANY-SUFFIX
      CONDITIONAL    88   PERSON-FIRST-NAME
      CONDITIONAL    88   PERSON-FIRST-NAME-MALE
      CONDITIONAL    88   PERSON-FIRST-NAME-FEMALE
      CONDITIONAL    88   PERSON-LAST-NAME
      CONDITIONAL    88   PERSON-LAST-NAME-MALE
      CONDITIONAL    88   PERSON-LAST-NAME-FEMALE
      CONDITIONAL    88   PERSON-NAME
      CONDITIONAL    88   PERSON-NAME-MALE
      CONDITIONAL    88   PERSON-NAME-FEMALE
      CONDITIONAL    88   PERSON-PREFIX
      CONDITIONAL    88   PERSON-PREFIX-MALE
      CONDITIONAL    88   PERSON-PREFIX-FEMALE
      CONDITIONAL    88   PERSON-SUFFIX
      CONDITIONAL    88   PERSON-SUFFIX-MALE
      CONDITIONAL    88   PERSON-SUFFIX-FEMALE
      CONDITIONAL    88   TAXID-EIN
      CONDITIONAL    88   TAXID-EIN-HYPHEN
      CONDITIONAL    88   TAXID-ITIN
      CONDITIONAL    88   TAXID-ITIN-HYPHEN
      CONDITIONAL    88   TAXID-SSN
      CONDITIONAL    88   TAXID-SSN-HYPHEN
      CONDITIONAL    88   TELEPHONE
00004 NUMERIC        05   FAKER-SEED-NO                  9(9) COMP
00080 ALPHANUMERIC   05   FAKER-SEED-TEXT                X(80)
00004 NUMERIC        05   FAKER-RESPONSE-CODE            9(4)
      CONDITIONAL    88   FAKER-RESPONSE-GOOD
      CONDITIONAL    88   FAKER-UNKNOWN-PROVIDER
      CONDITIONAL    88   FAKER-UNKNOWN-FUNCTION
      CONDITIONAL    88   FAKER-UNKNOWN-FORMAT
00080 ALPHANUMERIC   05   FAKER-RESPONSE-MSG             X(80)
00080 ALPHANUMERIC   05   FAKER-RESULT                   X(80)
00080 ALPHANUMERIC   05   FAKER-RESULT-FIELDS            X(80)
00080 GROUP          05   FAKER-ADDRESS, REDEFINES FAKER-RESULT-FIELDS
00035 ALPHANUMERIC   10   FAKER-ADDRESS-STREET           X(35)
GnuCOBOL 3.0-rc1.0      FAKBANK.cob                                                   Tue Feb 11 22:12:30 2020  Page 0020

SIZE  TYPE           LVL  NAME                           PICTURE

00025 ALPHANUMERIC   10   FAKER-ADDRESS-CITY             X(25)
00010 ALPHANUMERIC   10   FAKER-ADDRESS-STATE            X(10)
00010 ALPHANUMERIC   10   FAKER-ADDRESS-POSTCODE         X(10)
00080 GROUP          05   FAKER-PERSON, REDEFINES FAKER-RESULT-FIELDS
00010 ALPHANUMERIC   10   FAKER-PERSON-PREFIX            X(10)
00025 ALPHANUMERIC   10   FAKER-PERSON-FIRST-NAME        X(25)
00035 ALPHANUMERIC   10   FAKER-PERSON-LAST-NAME         X(35)
00010 ALPHANUMERIC   10   FAKER-PERSON-SUFFIX            X(10)
00017 GROUP          05   FAKER-TELEPHONE, REDEFINES FAKER-RESULT-FIELDS
00003 ALPHANUMERIC   10   FAKER-TELEPHONE-AREA-CODE      X(03)
00001 ALPHANUMERIC   10   FILLER                         X(01)
00003 ALPHANUMERIC   10   FAKER-TELEPHONE-PREFIX         X(03)
00001 ALPHANUMERIC   10   FILLER                         X(01)
00004 ALPHANUMERIC   10   FAKER-TELEPHONE-SUFFIX         X(04)
00001 ALPHANUMERIC   10   FILLER                         X(01)
00004 ALPHANUMERIC   10   FAKER-TELEPHONE-EXTENSION      X(04)
00002 NUMERIC        05   FAKER-INFO-CNT                 S9(4) COMP
00800 GROUP          05   FAKER-INFO-OCCS
00800 GROUP          10   FAKER-INFO                     OCCURS 20
00030 ALPHANUMERIC   15   FAKER-TABLE                    X(30)
00008 NUMERIC        15   FAKER-RANDOM-NO-SUB            S9(4)V9(9) COMP
00002 NUMERIC        15   FAKER-TABLE-ENTRY              S9(4) COMP


GnuCOBOL 3.0-rc1.0      FAKBANK.cob                                                   Tue Feb 11 22:12:30 2020  Page 0021

Error/Warning summary:

FAKBANK.cob:134: warning: ignoring redundant .

1 warning in compilation group
0 errors in compilation group
