GnuCOBOL 3.0-rc1.0      FAKERTST.cob                                                  Sun Feb 09 14:57:40 2020  Page 0001

LINE    PG/LN  A...B............................................................SEQUENCE

000001        *========================== COB-FAKER ===========================*
000002        * Authors: Brian D Pead
000003        *
000004        * License: MIT
000005        *
000006        * Date        Version  Description
000007        * ----        -------  -----------
000008        * 2020-02-08  1.0      First release
000009        *================================================================*
000010
000011         IDENTIFICATION DIVISION.
000012        *========================
000013
000014         PROGRAM-ID.             FAKERTST.
000015
000016         ENVIRONMENT DIVISION.
000017        *=====================
000018
000019         CONFIGURATION SECTION.
000020        *----------------------
000021
000022         SOURCE-COMPUTER.
000023             IBM-Z15.
000024        *    IBM-Z15 DEBUGGING MODE.
000025
000026         INPUT-OUTPUT SECTION.
000027        *---------------------
000028
000029         FILE-CONTROL.
000030             SELECT TESTINPT             ASSIGN 'Data\FAKERTST Input.txt'
000031                                         ORGANIZATION LINE SEQUENTIAL.
000032
000033             SELECT TESTOUTP             ASSIGN 'Data\FAKERTST Output.txt'
000034                                         ORGANIZATION LINE SEQUENTIAL.
GnuCOBOL 3.0-rc1.0      FAKERTST.cob                                                  Sun Feb 09 14:57:40 2020  Page 0002

LINE    PG/LN  A...B............................................................SEQUENCE

000035        /
000036         DATA DIVISION.
000037        *==============
000038
000039         FILE SECTION.
000040        *-------------
000041
000042         FD  TESTINPT.
000043
000044         01  TESTINPT-REC.
000045             05  TI-PROVIDER-FUNCTION
000046                                     PIC X(30).
000047             05  TI-COUNT            PIC 9(06).
000048
000049         FD  TESTOUTP.
000050
000051         01  TESTOUTP-REC.
000052             05  TO-PROVIDER-FUNCTION
000053                                     PIC X(30).
000054             05  TO-COLON            PIC X(02).
000055             05  TO-FAKER-RESULT     PIC X(80).
000056
000057         WORKING-STORAGE SECTION.
000058        *------------------------
000059
000060         01  W-TESTINPT-RECS         PIC 9(09)  COMP VALUE 0.
000061         01  W-TESTOUTP-RECS         PIC 9(09)  COMP VALUE 0.
000062         01  W-TEST-CNT              PIC 9(09)  COMP.
000063         01  W-DISP-NUM              PIC ZZ,ZZ9.
000064         01  W-FAKER-PROG            PIC X(08)       VALUE 'FAKER'.
000065
000066         01  W-ERROR-MSG             PIC X(21)       VALUE
000067             '**** FAKERTST error: '.
000068
000069         01  FILLER                  PIC X(01)       VALUE 'N'.
000070             88  W-EOF                               VALUE 'Y'.
000071
000072         01  W-COMPILED-DATE.
000073             05  W-COMPILED-DATE-YYYY
000074                                     PIC X(04).
000075             05  W-COMPILED-DATE-MM  PIC X(02).
000076             05  W-COMPILED-DATE-DD  PIC X(02).
000077             05  W-COMPILED-TIME-HH  PIC X(02).
000078             05  W-COMPILED-TIME-MM  PIC X(02).
000079             05  W-COMPILED-TIME-SS  PIC X(02).
000080             05  FILLER              PIC X(07).
000081
000082         01  W-FAKER-PARAMETER.      COPY FAKERLNK.
000001C       *========================== COB-FAKER ===========================*
000002C       * Authors: Brian D Pead
000003C       *
000004C       * License: MIT
GnuCOBOL 3.0-rc1.0      FAKERTST.cob                                                  Sun Feb 09 14:57:40 2020  Page 0003

LINE    PG/LN  A...B............................................................SEQUENCE

000005C       *
000006C       * Date        Version  Description
000007C       * ----        -------  -----------
000008C       * 2020-02-08  1.0      First release
000009C       *================================================================*
000010C
000011C       **** Input fields:
000012C       ****     FAKER-PROVIDER-FUNCTION:
000013C       ****         Set appropriate 88 level for  desired function.
000014C       ****     FAKER-SEED-NO:
000015C       ****         If > 0, used to set seed to get same random
000016C       ****         sequence on each call.
000017C       ****     FAKER-SEED-TEXT:
000018C       ****         If FAKER-SEED-NO = 0 and this is not spaces, used to
000019C       ****         set seed to get same random sequence on each call
000020C       ****         (e.g. to get same fake name each time real name is
000021C       ****         being anonymized, move real name to FAKER-SEED-TEXT
000022C       ****         before call).
000023C
000024C            05  FAKER-PROVIDER-FUNCTION
000025C                                    PIC X(30).
000026C                88  ADDRESS-ADDRESS                 VALUE
000027C                                    'ADDRESS-ADDRESS'.
000028C                88  ADDRESS-BUILDING-NO             VALUE
000029C                                    'ADDRESS-BUILDING-NO'.
000030C                88  ADDRESS-CITY                    VALUE
000031C                                    'ADDRESS-CITY'.
000032C                88  ADDRESS-CITY-PREFIX             VALUE
000033C                                    'ADDRESS-CITY-PREFIX'.
000034C                88  ADDRESS-CITY-SUFFIX             VALUE
000035C                                    'ADDRESS-CITY-SUFFIX'.
000036C                88  ADDRESS-MILITARY-APO            VALUE
000037C                                    'ADDRESS-MILITARY-APO'.
000038C                88  ADDRESS-MILITARY-DPO            VALUE
000039C                                    'ADDRESS-MILITARY-DPO'.
000040C                88  ADDRESS-MILITARY-SHIP-PREFIX    VALUE
000041C                                    'ADDRESS-MILITARY-SHIP-PREFIX'.
000042C                88  ADDRESS-MILITARY-STATE-ABBR     VALUE
000043C                                    'ADDRESS-MILITARY-STATE-ABBR'.
000044C                88  ADDRESS-POSTCODE                VALUE
000045C                                    'ADDRESS-POSTCODE'.
000046C                88  ADDRESS-SECONDARY-ADDRESS       VALUE
000047C                                    'ADDRESS-SECONDARY-ADDRESS'.
000048C                88  ADDRESS-STATE                   VALUE
000049C                                    'ADDRESS-STATE'.
000050C                88  ADDRESS-STATE-ABBR              VALUE
000051C                                    'ADDRESS-STATE-ABBR'.
000052C                88  ADDRESS-STATE-POSTCODE          VALUE
000053C                                    'ADDRESS-STATE-POSTCODE'.
000054C                88  ADDRESS-STREET-ADDRESS          VALUE
000055C                                    'ADDRESS-STREET-ADDRESS'.
000056C                88  ADDRESS-STREET-NAME             VALUE
GnuCOBOL 3.0-rc1.0      FAKERTST.cob                                                  Sun Feb 09 14:57:40 2020  Page 0004

LINE    PG/LN  A...B............................................................SEQUENCE

000057C                                    'ADDRESS-STREET-NAME'.
000058C                88  ADDRESS-STREET-SUFFIX           VALUE
000059C                                    'ADDRESS-STREET-SUFFIX'.
000060C                88  ADDRESS-TERRITORY-ABBR          VALUE
000061C                                    'ADDRESS-TERRITORY-ABBR'.
000062C                88  COMPANY-COMPANY                 VALUE
000063C                                    'COMPANY-COMPANY'.
000064C                88  COMPANY-SUFFIX                  VALUE
000065C                                    'COMPANY-SUFFIX'.
000066C                88  PERSON-FIRST-NAME               VALUE
000067C                                    'PERSON-FIRST-NAME'.
000068C                88  PERSON-FIRST-NAME-MALE          VALUE
000069C                                    'PERSON-FIRST-NAME-MALE'.
000070C                88  PERSON-FIRST-NAME-FEMALE        VALUE
000071C                                    'PERSON-FIRST-NAME-FEMALE'.
000072C                88  PERSON-LAST-NAME                VALUE
000073C                                    'PERSON-LAST-NAME'.
000074C                88  PERSON-LAST-NAME-MALE           VALUE
000075C                                    'PERSON-LAST-NAME-MALE'.
000076C                88  PERSON-LAST-NAME-FEMALE         VALUE
000077C                                    'PERSON-LAST-NAME-FEMALE'.
000078C                88  PERSON-NAME                     VALUE
000079C                                    'PERSON-NAME'.
000080C                88  PERSON-NAME-MALE                VALUE
000081C                                    'PERSON-NAME-MALE'.
000082C                88  PERSON-NAME-FEMALE              VALUE
000083C                                    'PERSON-NAME-FEMALE'.
000084C                88  PERSON-PREFIX                   VALUE
000085C                                    'PERSON-PREFIX'.
000086C                88  PERSON-PREFIX-MALE              VALUE
000087C                                    'PERSON-PREFIX-MALE'.
000088C                88  PERSON-PREFIX-FEMALE            VALUE
000089C                                    'PERSON-PREFIX-FEMALE'.
000090C                88  PERSON-SUFFIX                   VALUE
000091C                                    'PERSON-SUFFIX'.
000092C                88  PERSON-SUFFIX-MALE              VALUE
000093C                                    'PERSON-SUFFIX-MALE'.
000094C                88  PERSON-SUFFIX-FEMALE            VALUE
000095C                                    'PERSON-SUFFIX-FEMALE'.
000096C                88  TAXID-EIN                       VALUE
000097C                                    'TAXID-EIN'.
000098C                88  TAXID-EIN-HYPHEN                VALUE
000099C                                    'TAXID-EIN-HYPHEN'.
000100C                88  TAXID-ITIN                      VALUE
000101C                                    'TAXID-ITIN'.
000102C                88  TAXID-ITIN-HYPHEN               VALUE
000103C                                    'TAXID-ITIN-HYPHEN'.
000104C                88  TAXID-SSN                       VALUE
000105C                                    'TAXID-SSN'.
000106C                88  TAXID-SSN-HYPHEN                VALUE
000107C                                    'TAXID-SSN-HYPHEN'.
000108C
GnuCOBOL 3.0-rc1.0      FAKERTST.cob                                                  Sun Feb 09 14:57:40 2020  Page 0005

LINE    PG/LN  A...B............................................................SEQUENCE

000109C            05  FAKER-SEED-NO       PIC 9(9)   COMP VALUE 0.
000110C
000111C            05  FAKER-SEED-TEXT     PIC X(80)       VALUE SPACES.
000112C
000113C       **** Output fields:
000114C       ****     FAKER-RESPONSE-CODE
000115C       ****         Use 88 levels to determine result of calls.
000116C       ****     FAKER-RESPONSE-MSG
000117C       ****         Non-space if bad response.
000118C       ****     FAKER-RESULT
000119C       ****         Returned result of the call.
000120C       ****     FAKER-RESULT-FIELDS
000121C       ****         Populated for certain compound results - redefined
000122C       ****         for address and person fields.
000123C       ****     FAKER-INFO-CNT
000124C       ****         Debugging information count.
000125C       ****     FAKER-INFO-OCCS
000126C       ****         Debugging information.
000127C
000128C            05  FAKER-RESPONSE-CODE PIC 9(4).
000129C                88  FAKER-RESPONSE-GOOD             VALUE 0.
000130C                88  FAKER-UNKNOWN-PROVIDER          VALUE 10.
000131C                88  FAKER-UNKNOWN-FUNCTION          VALUE 20.
000132C                88  FAKER-UNKNOWN-FORMAT            VALUE 30.
000133C
000134C            05  FAKER-RESPONSE-MSG  PIC X(80).
000135C
000136C            05  FAKER-RESULT        PIC X(80).
000137C
000138C            05  FAKER-RESULT-FIELDS PIC X(80).
000139C
000140C       **** These fields are populated only for ADDRESS-ADDRESS calls:
000141C            05  FAKER-ADDRESS REDEFINES FAKER-RESULT-FIELDS.
000142C                10  FAKER-ADDRESS-STREET
000143C                                    PIC X(35).
000144C                10  FAKER-ADDRESS-CITY
000145C                                    PIC X(25).
000146C                10  FAKER-ADDRESS-STATE
000147C                                    PIC X(10).
000148C                10  FAKER-ADDRESS-POSTCODE
000149C                                    PIC X(10).
000150C
000151C       **** These fields are populated only for PERSON-NAME,
000152C       **** PERSON-NAME-MALE and PERSON-NAME-FEMALE calls:
000153C            05  FAKER-PERSON REDEFINES FAKER-RESULT-FIELDS.
000154C                10  FAKER-PERSON-PREFIX
000155C                                    PIC X(10).
000156C                10  FAKER-PERSON-FIRST-NAME
000157C                                    PIC X(25).
000158C                10  FAKER-PERSON-LAST-NAME
000159C                                    PIC X(35).
000160C                10  FAKER-PERSON-SUFFIX
GnuCOBOL 3.0-rc1.0      FAKERTST.cob                                                  Sun Feb 09 14:57:40 2020  Page 0006

LINE    PG/LN  A...B............................................................SEQUENCE

000161C                                    PIC X(10).
000162C
000163C            05  FAKER-INFO-CNT      PIC S9(4)  COMP.
000164C
000165C            05  FAKER-INFO-OCCS.
000166C                10  FAKER-INFO                      OCCURS 20
000167C                                                    INDEXED FI-DX
000168C                                                            FI-DX2.
000169C                    15  FAKER-TABLE PIC X(30).
000170C                    15  FAKER-RANDOM-NO-SUB
000171C                                    PIC S9(4)V9(9)
000172C                                               COMP.
000173C                    15  FAKER-TABLE-ENTRY
000174C                                    PIC S9(4)  COMP.
000175C
GnuCOBOL 3.0-rc1.0      FAKERTST.cob                                                  Sun Feb 09 14:57:40 2020  Page 0007

LINE    PG/LN  A...B............................................................SEQUENCE

000083        /
000084         PROCEDURE DIVISION.
000085        *===================
000086
000087         MAIN.
000088        *-----
000089
000090             PERFORM SUB-1000-START-UP THRU SUB-1000-EXIT
000091
000092             PERFORM SUB-9100-READ-TESTINPT THRU SUB-9100-EXIT
000093
000094             PERFORM SUB-2000-PROCESS THRU SUB-2000-EXIT
000095                 UNTIL W-EOF
000096
000097             PERFORM SUB-3000-SHUT-DOWN THRU SUB-3000-EXIT
000098             .
000099         MAIN-EXIT.
000100             STOP RUN.
GnuCOBOL 3.0-rc1.0      FAKERTST.cob                                                  Sun Feb 09 14:57:40 2020  Page 0008

LINE    PG/LN  A...B............................................................SEQUENCE

000101        /
000102         SUB-1000-START-UP.
000103        *------------------
000104
000105             MOVE FUNCTION WHEN-COMPILED
000106                                     TO W-COMPILED-DATE
000107
000108             DISPLAY 'FAKERTST compiled on '
000109                 W-COMPILED-DATE-YYYY '/'
000110                 W-COMPILED-DATE-MM   '/'
000111                 W-COMPILED-DATE-DD   ' at '
000112                 W-COMPILED-TIME-HH   ':'
000113                 W-COMPILED-TIME-MM   ':'
000114                 W-COMPILED-TIME-SS
000115
000116             OPEN INPUT  TESTINPT
000117                  OUTPUT TESTOUTP
000118             .
000119         SUB-1000-EXIT.
000120             EXIT.
GnuCOBOL 3.0-rc1.0      FAKERTST.cob                                                  Sun Feb 09 14:57:40 2020  Page 0009

LINE    PG/LN  A...B............................................................SEQUENCE

000121        /
000122         SUB-2000-PROCESS.
000123        *-----------------
000124
000125             MOVE TI-PROVIDER-FUNCTION
000126                                     TO FAKER-PROVIDER-FUNCTION
000127
000128             IF      TI-COUNT NUMERIC
000129                 MOVE TI-COUNT       TO W-TEST-CNT
000130             ELSE
000131                 MOVE 1              TO W-TEST-CNT
000132             END-IF
000133
000134             PERFORM SUB-2100-CALL-FAKER THRU SUB-2100-EXIT
000135                 W-TEST-CNT TIMES
000136             .
000137         SUB-2000-READ.
000138
000139             PERFORM SUB-9100-READ-TESTINPT THRU SUB-9100-EXIT
000140             .
000141         SUB-2000-EXIT.
000142             EXIT.
GnuCOBOL 3.0-rc1.0      FAKERTST.cob                                                  Sun Feb 09 14:57:40 2020  Page 0010

LINE    PG/LN  A...B............................................................SEQUENCE

000143        /
000144         SUB-2100-CALL-FAKER.
000145        *--------------------
000146
000147             CALL W-FAKER-PROG    USING W-FAKER-PARAMETER
000148
000149             IF      FAKER-RESPONSE-GOOD
000150                 MOVE TI-PROVIDER-FUNCTION
000151                                     TO TO-PROVIDER-FUNCTION
000152                 MOVE ': '           TO TO-COLON
000153                 MOVE FAKER-RESULT   TO TO-FAKER-RESULT
000154
000155                 PERFORM SUB-9200-WRITE-TESTOUTP THRU SUB-9200-EXIT
000156
000157                 IF      ADDRESS-ADDRESS
000158                 OR      PERSON-NAME
000159                 OR      PERSON-NAME-MALE
000160                 OR      PERSON-NAME-FEMALE
000161                     MOVE SPACES     TO TO-PROVIDER-FUNCTION
000162                     MOVE ': '       TO TO-COLON
000163                     MOVE FAKER-RESULT-FIELDS
000164                                     TO TO-FAKER-RESULT
000165
000166                     PERFORM SUB-9200-WRITE-TESTOUTP THRU SUB-9200-EXIT
000167                 END-IF
000168             ELSE
000169                 DISPLAY W-ERROR-MSG
000170                         FAKER-RESPONSE-CODE
000171                         ' - '
000172                         FAKER-RESPONSE-MSG
000173             END-IF
000174
000175        D    PERFORM VARYING FI-DX FROM 1 BY 1
000176        D              UNTIL FI-DX > FAKER-INFO-CNT
000177        D        DISPLAY '    INFO: '
000178        D                FAKER-TABLE(FI-DX)
000179        D                ': '
000180        D                FAKER-RANDOM-NO-SUB(FI-DX)
000181        D                ', '
000182        D                FAKER-TABLE-ENTRY(FI-DX)
000183        D    END-PERFORM
000184             .
000185         SUB-2100-EXIT.
000186             EXIT.
GnuCOBOL 3.0-rc1.0      FAKERTST.cob                                                  Sun Feb 09 14:57:40 2020  Page 0011

LINE    PG/LN  A...B............................................................SEQUENCE

000187        /
000188         SUB-3000-SHUT-DOWN.
000189        *-------------------
000190
000191             CLOSE TESTINPT
000192                   TESTOUTP
000193
000194             MOVE W-TESTINPT-RECS    TO W-DISP-NUM
000195             DISPLAY 'TESTINPT records read:    '
000196                     W-DISP-NUM
000197
000198             MOVE W-TESTOUTP-RECS    TO W-DISP-NUM
000199             DISPLAY 'TESTOUTP records written: '
000200                     W-DISP-NUM
000201
000202             DISPLAY 'FAKERTST completed'
000203             .
000204         SUB-3000-EXIT.
000205             EXIT.
GnuCOBOL 3.0-rc1.0      FAKERTST.cob                                                  Sun Feb 09 14:57:40 2020  Page 0012

LINE    PG/LN  A...B............................................................SEQUENCE

000206        /
000207         SUB-9100-READ-TESTINPT.
000208        *-----------------------
000209
000210             READ TESTINPT
000211                 AT END
000212                     SET  W-EOF      TO TRUE
000213                 NOT AT END
000214                     ADD  1          TO W-TESTINPT-RECS
000215             END-READ
000216             .
000217         SUB-9100-EXIT.
000218             EXIT.
GnuCOBOL 3.0-rc1.0      FAKERTST.cob                                                  Sun Feb 09 14:57:40 2020  Page 0013

LINE    PG/LN  A...B............................................................SEQUENCE

000219        /
000220         SUB-9200-WRITE-TESTOUTP.
000221        *------------------------
000222
000223             WRITE TESTOUTP-REC
000224
000225             ADD  1                  TO W-TESTOUTP-RECS
000226             .
000227         SUB-9200-EXIT.
000228             EXIT.
GnuCOBOL 3.0-rc1.0      FAKERTST.cob                                                  Sun Feb 09 14:57:40 2020  Page 0014

SIZE  TYPE           LVL  NAME                           PICTURE

00036 FILE                TESTINPT
00036 GROUP          01   TESTINPT-REC
00030 ALPHANUMERIC   05   TI-PROVIDER-FUNCTION           X(30)
00006 NUMERIC        05   TI-COUNT                       9(06)

00112 FILE                TESTOUTP
00112 GROUP          01   TESTOUTP-REC
00030 ALPHANUMERIC   05   TO-PROVIDER-FUNCTION           X(30)
00002 ALPHANUMERIC   05   TO-COLON                       X(02)
00080 ALPHANUMERIC   05   TO-FAKER-RESULT                X(80)

      WORKING-STORAGE SECTION

00004 NUMERIC        01   W-TESTINPT-RECS                9(09) COMP

00004 NUMERIC        01   W-TESTOUTP-RECS                9(09) COMP

00004 NUMERIC        01   W-TEST-CNT                     9(09) COMP

00006 NUMERIC        01   W-DISP-NUM                     ZZ,ZZ9

00008 ALPHANUMERIC   01   W-FAKER-PROG                   X(08)

00021 ALPHANUMERIC   01   W-ERROR-MSG                    X(21)

00001 ALPHANUMERIC   01   FILLER                         X(01)
      CONDITIONAL    88   W-EOF

00021 GROUP          01   W-COMPILED-DATE
00004 ALPHANUMERIC   05   W-COMPILED-DATE-YYYY           X(04)
00002 ALPHANUMERIC   05   W-COMPILED-DATE-MM             X(02)
00002 ALPHANUMERIC   05   W-COMPILED-DATE-DD             X(02)
00002 ALPHANUMERIC   05   W-COMPILED-TIME-HH             X(02)
00002 ALPHANUMERIC   05   W-COMPILED-TIME-MM             X(02)
00002 ALPHANUMERIC   05   W-COMPILED-TIME-SS             X(02)
00007 ALPHANUMERIC   05   FILLER                         X(07)

01160 GROUP          01   W-FAKER-PARAMETER
00030 ALPHANUMERIC   05   FAKER-PROVIDER-FUNCTION        X(30)
      CONDITIONAL    88   ADDRESS-ADDRESS
      CONDITIONAL    88   ADDRESS-BUILDING-NO
      CONDITIONAL    88   ADDRESS-CITY
      CONDITIONAL    88   ADDRESS-CITY-PREFIX
      CONDITIONAL    88   ADDRESS-CITY-SUFFIX
      CONDITIONAL    88   ADDRESS-MILITARY-APO
      CONDITIONAL    88   ADDRESS-MILITARY-DPO
      CONDITIONAL    88   ADDRESS-MILITARY-SHIP-PREFIX
      CONDITIONAL    88   ADDRESS-MILITARY-STATE-ABBR
      CONDITIONAL    88   ADDRESS-POSTCODE
      CONDITIONAL    88   ADDRESS-SECONDARY-ADDRESS
      CONDITIONAL    88   ADDRESS-STATE
GnuCOBOL 3.0-rc1.0      FAKERTST.cob                                                  Sun Feb 09 14:57:40 2020  Page 0015

SIZE  TYPE           LVL  NAME                           PICTURE

      CONDITIONAL    88   ADDRESS-STATE-ABBR
      CONDITIONAL    88   ADDRESS-STATE-POSTCODE
      CONDITIONAL    88   ADDRESS-STREET-ADDRESS
      CONDITIONAL    88   ADDRESS-STREET-NAME
      CONDITIONAL    88   ADDRESS-STREET-SUFFIX
      CONDITIONAL    88   ADDRESS-TERRITORY-ABBR
      CONDITIONAL    88   COMPANY-COMPANY
      CONDITIONAL    88   COMPANY-SUFFIX
      CONDITIONAL    88   PERSON-FIRST-NAME
      CONDITIONAL    88   PERSON-FIRST-NAME-MALE
      CONDITIONAL    88   PERSON-FIRST-NAME-FEMALE
      CONDITIONAL    88   PERSON-LAST-NAME
      CONDITIONAL    88   PERSON-LAST-NAME-MALE
      CONDITIONAL    88   PERSON-LAST-NAME-FEMALE
      CONDITIONAL    88   PERSON-NAME
      CONDITIONAL    88   PERSON-NAME-MALE
      CONDITIONAL    88   PERSON-NAME-FEMALE
      CONDITIONAL    88   PERSON-PREFIX
      CONDITIONAL    88   PERSON-PREFIX-MALE
      CONDITIONAL    88   PERSON-PREFIX-FEMALE
      CONDITIONAL    88   PERSON-SUFFIX
      CONDITIONAL    88   PERSON-SUFFIX-MALE
      CONDITIONAL    88   PERSON-SUFFIX-FEMALE
      CONDITIONAL    88   TAXID-EIN
      CONDITIONAL    88   TAXID-EIN-HYPHEN
      CONDITIONAL    88   TAXID-ITIN
      CONDITIONAL    88   TAXID-ITIN-HYPHEN
      CONDITIONAL    88   TAXID-SSN
      CONDITIONAL    88   TAXID-SSN-HYPHEN
00004 NUMERIC        05   FAKER-SEED-NO                  9(9) COMP
00080 ALPHANUMERIC   05   FAKER-SEED-TEXT                X(80)
00004 NUMERIC        05   FAKER-RESPONSE-CODE            9(4)
      CONDITIONAL    88   FAKER-RESPONSE-GOOD
      CONDITIONAL    88   FAKER-UNKNOWN-PROVIDER
      CONDITIONAL    88   FAKER-UNKNOWN-FUNCTION
      CONDITIONAL    88   FAKER-UNKNOWN-FORMAT
00080 ALPHANUMERIC   05   FAKER-RESPONSE-MSG             X(80)
00080 ALPHANUMERIC   05   FAKER-RESULT                   X(80)
00080 ALPHANUMERIC   05   FAKER-RESULT-FIELDS            X(80)
00080 GROUP          05   FAKER-ADDRESS, REDEFINES FAKER-RESULT-FIELDS
00035 ALPHANUMERIC   10   FAKER-ADDRESS-STREET           X(35)
00025 ALPHANUMERIC   10   FAKER-ADDRESS-CITY             X(25)
00010 ALPHANUMERIC   10   FAKER-ADDRESS-STATE            X(10)
00010 ALPHANUMERIC   10   FAKER-ADDRESS-POSTCODE         X(10)
00080 GROUP          05   FAKER-PERSON, REDEFINES FAKER-RESULT-FIELDS
00010 ALPHANUMERIC   10   FAKER-PERSON-PREFIX            X(10)
00025 ALPHANUMERIC   10   FAKER-PERSON-FIRST-NAME        X(25)
00035 ALPHANUMERIC   10   FAKER-PERSON-LAST-NAME         X(35)
00010 ALPHANUMERIC   10   FAKER-PERSON-SUFFIX            X(10)
00002 NUMERIC        05   FAKER-INFO-CNT                 S9(4) COMP
00800 GROUP          05   FAKER-INFO-OCCS
00800 GROUP          10   FAKER-INFO                     OCCURS 20
GnuCOBOL 3.0-rc1.0      FAKERTST.cob                                                  Sun Feb 09 14:57:40 2020  Page 0016

SIZE  TYPE           LVL  NAME                           PICTURE

00030 ALPHANUMERIC   15   FAKER-TABLE                    X(30)
00008 NUMERIC        15   FAKER-RANDOM-NO-SUB            S9(4)V9(9) COMP
00002 NUMERIC        15   FAKER-TABLE-ENTRY              S9(4) COMP


0 warnings in compilation group
0 errors in compilation group
